[25-11-08 14:37:20] [INFO    ] Loaded logs from config file: C:\Users\shank\PycharmProjects\OpenLogRCA\config.ini (RCAconfig.py:13)
[25-11-08 14:37:20] [INFO    ] Successfully read config file from path: ['C:\\Users\\shank\\PycharmProjects\\OpenLogRCA\\config.ini'] (RCAconfig.py:18)
[25-11-08 14:58:10] [INFO    ] Loaded logs from config file: C:\Users\shank\PycharmProjects\OpenLogRCA\config.ini (RCAconfig.py:13)
[25-11-08 14:58:10] [INFO    ] Successfully read config file from path: ['C:\\Users\\shank\\PycharmProjects\\OpenLogRCA\\config.ini'] (RCAconfig.py:18)
[25-11-08 15:06:00] [INFO    ] Loaded logs from config file: C:\Users\shank\PycharmProjects\OpenLogRCA\config.ini (RCAconfig.py:13)
[25-11-08 15:06:00] [INFO    ] Successfully read config file from path: ['C:\\Users\\shank\\PycharmProjects\\OpenLogRCA\\config.ini'] (RCAconfig.py:18)
[25-11-08 15:06:39] [INFO    ] Loaded logs from config file: C:\Users\shank\PycharmProjects\OpenLogRCA\config.ini (RCAconfig.py:13)
[25-11-08 15:06:39] [INFO    ] Successfully read config file from path: ['C:\\Users\\shank\\PycharmProjects\\OpenLogRCA\\config.ini'] (RCAconfig.py:18)
[25-11-08 15:06:39] [ERROR   ] ❌ Missing HttpClient_Host or HttpClient_Port in [chroma]. HTTP mode cannot start. Please check your configuration file. (setUpDB.py:55)
[25-11-08 15:08:20] [INFO    ] Loaded logs from config file: C:\Users\shank\PycharmProjects\OpenLogRCA\config.ini (RCAconfig.py:13)
[25-11-08 15:08:20] [INFO    ] Successfully read config file from path: ['C:\\Users\\shank\\PycharmProjects\\OpenLogRCA\\config.ini'] (RCAconfig.py:18)
[25-11-08 15:08:55] [INFO    ] Loaded logs from config file: C:\Users\shank\PycharmProjects\OpenLogRCA\config.ini (RCAconfig.py:13)
[25-11-08 15:08:55] [INFO    ] Successfully read config file from path: ['C:\\Users\\shank\\PycharmProjects\\OpenLogRCA\\config.ini'] (RCAconfig.py:18)
[25-11-08 15:08:55] [ERROR   ] ❌ Missing HttpClient_Host or HttpClient_Port in [chroma]. HTTP mode cannot start. Please check your configuration file. (setUpDB.py:55)
[25-11-08 15:09:05] [INFO    ] Loaded logs from config file: C:\Users\shank\PycharmProjects\OpenLogRCA\config.ini (RCAconfig.py:13)
[25-11-08 15:09:05] [INFO    ] Successfully read config file from path: ['C:\\Users\\shank\\PycharmProjects\\OpenLogRCA\\config.ini'] (RCAconfig.py:18)
[25-11-08 15:09:05] [ERROR   ] ❌ Missing HttpClient_Host or HttpClient_Port in [chroma]. HTTP mode cannot start. Please check your configuration file. (setUpDB.py:55)
[25-11-08 15:09:26] [INFO    ] Loaded logs from config file: C:\Users\shank\PycharmProjects\OpenLogRCA\config.ini (RCAconfig.py:13)
[25-11-08 15:09:26] [INFO    ] Successfully read config file from path: ['C:\\Users\\shank\\PycharmProjects\\OpenLogRCA\\config.ini'] (RCAconfig.py:18)
[25-11-08 15:09:26] [ERROR   ] ❌ Missing HttpClient_Host or HttpClient_Port in [chroma]. HTTP mode cannot start. Please check your configuration file. (setUpDB.py:55)
[25-11-08 15:10:04] [INFO    ] Loaded logs from config file: C:\Users\shank\PycharmProjects\OpenLogRCA\config.ini (RCAconfig.py:13)
[25-11-08 15:10:04] [INFO    ] Successfully read config file from path: ['C:\\Users\\shank\\PycharmProjects\\OpenLogRCA\\config.ini'] (RCAconfig.py:18)
[25-11-08 15:10:04] [ERROR   ] ❌ Missing HttpClient_Host or HttpClient_Port in [chroma]. HTTP mode cannot start. Please check your configuration file. (setUpDB.py:55)
[25-11-08 15:10:24] [INFO    ] Loaded logs from config file: C:\Users\shank\PycharmProjects\OpenLogRCA\config.ini (RCAconfig.py:13)
[25-11-08 15:10:24] [INFO    ] Successfully read config file from path: ['C:\\Users\\shank\\PycharmProjects\\OpenLogRCA\\config.ini'] (RCAconfig.py:18)
[25-11-08 15:10:24] [ERROR   ] ❌ Missing HttpClient_Host or HttpClient_Port in [chroma]. HTTP mode cannot start. Please check your configuration file. (setUpDB.py:55)
[25-11-08 15:11:15] [INFO    ] Loaded logs from config file: C:\Users\shank\PycharmProjects\OpenLogRCA\config.ini (RCAconfig.py:13)
[25-11-08 15:11:15] [INFO    ] Successfully read config file from path: ['C:\\Users\\shank\\PycharmProjects\\OpenLogRCA\\config.ini'] (RCAconfig.py:18)
[25-11-08 15:11:15] [ERROR   ] ❌ Missing HttpClient_Host or HttpClient_Port in [chroma]. HTTP mode cannot start. Please check your configuration file. (setUpDB.py:55)
[25-11-08 15:11:41] [INFO    ] Loaded logs from config file: C:\Users\shank\PycharmProjects\OpenLogRCA\config.ini (RCAconfig.py:13)
[25-11-08 15:11:41] [INFO    ] Successfully read config file from path: ['C:\\Users\\shank\\PycharmProjects\\OpenLogRCA\\config.ini'] (RCAconfig.py:18)
[25-11-08 15:11:41] [ERROR   ] ❌ Missing HttpClient_Host or HttpClient_Port in [chroma]. HTTP mode cannot start. Please check your configuration file. (setUpDB.py:55)
[25-11-08 15:12:57] [INFO    ] Loaded logs from config file: C:\Users\shank\PycharmProjects\OpenLogRCA\config.ini (RCAconfig.py:13)
[25-11-08 15:12:57] [INFO    ] Successfully read config file from path: ['C:\\Users\\shank\\PycharmProjects\\OpenLogRCA\\config.ini'] (RCAconfig.py:18)
[25-11-08 15:12:57] [INFO    ] 🌐 Using remote Chroma server at localhost:8000 (setUpDB.py:49)
[25-11-08 15:16:36] [INFO    ] Loaded logs from config file: C:\Users\shank\PycharmProjects\OpenLogRCA\config.ini (RCAconfig.py:13)
[25-11-08 15:16:36] [INFO    ] Successfully read config file from path: ['C:\\Users\\shank\\PycharmProjects\\OpenLogRCA\\config.ini'] (RCAconfig.py:18)
[25-11-08 15:16:36] [INFO    ] 🌐 Using remote Chroma server at localhost:8000 (setUpDB.py:48)
[25-11-08 15:18:37] [INFO    ] Loaded logs from config file: C:\Users\shank\PycharmProjects\OpenLogRCA\config.ini (RCAconfig.py:13)
[25-11-08 15:18:37] [INFO    ] Successfully read config file from path: ['C:\\Users\\shank\\PycharmProjects\\OpenLogRCA\\config.ini'] (RCAconfig.py:18)
[25-11-08 15:18:37] [INFO    ] 🌐 Using remote Chroma server at localhost:8000 (setUpDB.py:48)
[25-11-08 15:19:46] [INFO    ] Loaded logs from config file: C:\Users\shank\PycharmProjects\OpenLogRCA\config.ini (RCAconfig.py:13)
[25-11-08 15:19:46] [INFO    ] Successfully read config file from path: ['C:\\Users\\shank\\PycharmProjects\\OpenLogRCA\\config.ini'] (RCAconfig.py:18)
[25-11-08 15:19:46] [INFO    ] 🌐 Using remote Chroma server at localhost:8000 (setUpDB.py:48)
[25-11-08 15:20:55] [INFO    ] Loaded logs from config file: C:\Users\shank\PycharmProjects\OpenLogRCA\config.ini (RCAconfig.py:13)
[25-11-08 15:20:55] [INFO    ] Successfully read config file from path: ['C:\\Users\\shank\\PycharmProjects\\OpenLogRCA\\config.ini'] (RCAconfig.py:18)
[25-11-08 15:20:55] [INFO    ] 💾 Using Chroma persistent client at: C:\Users\shank\PycharmProjects\OpenLogRCA\Embeddings (setUpDB.py:29)
[25-11-08 15:21:17] [INFO    ] Loaded logs from config file: C:\Users\shank\PycharmProjects\OpenLogRCA\config.ini (RCAconfig.py:13)
[25-11-08 15:21:17] [INFO    ] Successfully read config file from path: ['C:\\Users\\shank\\PycharmProjects\\OpenLogRCA\\config.ini'] (RCAconfig.py:18)
[25-11-08 15:21:17] [INFO    ] 💾 Using Chroma persistent client at: C:\Users\shank\PycharmProjects\OpenLogRCA\Embeddings (setUpDB.py:29)
[25-11-08 16:13:39] [INFO    ] Loaded logs from config file: C:\Users\shank\PycharmProjects\config.ini (RCAconfig.py:13)
[25-11-08 16:13:39] [INFO    ] Successfully read config file from path: [] (RCAconfig.py:18)
[25-11-08 16:13:39] [DEBUG   ] debug (main.py:8)
[25-11-08 16:13:39] [INFO    ] info (main.py:9)
[25-11-08 16:13:39] [WARNING ] warning (main.py:10)
[25-11-08 16:13:39] [ERROR   ] error (main.py:11)
[25-11-08 16:13:39] [INFO    ] 💾 Using Chroma persistent client at: C:\Users\shank\PycharmProjects\Embeddings (setUpDB.py:29)
[25-11-08 16:14:47] [INFO    ] Loaded logs from config file: C:\Users\shank\PycharmProjects\config.ini (RCAconfig.py:13)
[25-11-08 16:14:47] [INFO    ] Successfully read config file from path: [] (RCAconfig.py:18)
[25-11-08 16:14:47] [DEBUG   ] debug (main.py:8)
[25-11-08 16:14:47] [INFO    ] info (main.py:9)
[25-11-08 16:14:47] [WARNING ] warning (main.py:10)
[25-11-08 16:14:47] [ERROR   ] error (main.py:11)
[25-11-08 16:14:47] [INFO    ] 💾 Using Chroma persistent client at: C:\Users\shank\PycharmProjects\Embeddings (setUpDB.py:29)
[25-11-08 16:16:03] [INFO    ] Loaded logs from config file: C:\Users\shank\PycharmProjects\config.ini (RCAconfig.py:13)
[25-11-08 16:16:03] [INFO    ] Successfully read config file from path: [] (RCAconfig.py:18)
[25-11-08 16:16:03] [DEBUG   ] debug (main.py:8)
[25-11-08 16:16:03] [INFO    ] info (main.py:9)
[25-11-08 16:16:03] [WARNING ] warning (main.py:10)
[25-11-08 16:16:03] [ERROR   ] error (main.py:11)
[25-11-08 16:16:03] [INFO    ] 💾 Using Chroma persistent client at: C:\Users\shank\PycharmProjects\Embeddings (setUpDB.py:30)
[25-11-08 16:18:06] [INFO    ] Loaded logs from config file: C:\Users\shank\PycharmProjects\config.ini (RCAconfig.py:13)
[25-11-08 16:18:06] [INFO    ] Successfully read config file from path: [] (RCAconfig.py:18)
[25-11-08 16:18:06] [DEBUG   ] debug (main.py:8)
[25-11-08 16:18:06] [INFO    ] info (main.py:9)
[25-11-08 16:18:06] [WARNING ] warning (main.py:10)
[25-11-08 16:18:06] [ERROR   ] error (main.py:11)
[25-11-08 16:18:06] [INFO    ] 💾 Using Chroma persistent client at: C:\Users\shank\PycharmProjects\Embeddings (setUpDB.py:30)
[25-11-08 16:21:20] [INFO    ] Loaded logs from config file: C:\Users\shank\PycharmProjects\config.ini (RCAconfig.py:13)
[25-11-08 16:21:20] [INFO    ] Successfully read config file from path: [] (RCAconfig.py:18)
[25-11-08 16:21:20] [DEBUG   ] debug (main.py:8)
[25-11-08 16:21:20] [INFO    ] info (main.py:9)
[25-11-08 16:21:20] [WARNING ] warning (main.py:10)
[25-11-08 16:21:20] [ERROR   ] error (main.py:11)
[25-11-08 16:21:20] [INFO    ] 💾 Using Chroma persistent client at: C:\Users\shank\PycharmProjects\Embeddings (setUpDB.py:30)
[25-11-08 16:22:20] [INFO    ] Loaded logs from config file: C:\Users\shank\PycharmProjects\config.ini (RCAconfig.py:13)
[25-11-08 16:22:20] [INFO    ] Successfully read config file from path: [] (RCAconfig.py:18)
[25-11-08 16:22:20] [DEBUG   ] debug (main.py:8)
[25-11-08 16:22:20] [INFO    ] info (main.py:9)
[25-11-08 16:22:20] [WARNING ] warning (main.py:10)
[25-11-08 16:22:20] [ERROR   ] error (main.py:11)
[25-11-08 16:22:20] [INFO    ] 💾 Using Chroma persistent client at: C:\Users\shank\PycharmProjects\Embeddings (setUpDB.py:30)
[25-11-08 16:24:55] [INFO    ] Loaded logs from config file: C:\Users\shank\PycharmProjects\config.ini (RCAconfig.py:13)
[25-11-08 16:24:55] [INFO    ] Successfully read config file from path: [] (RCAconfig.py:18)
[25-11-08 16:24:55] [DEBUG   ] debug (main.py:8)
[25-11-08 16:24:55] [INFO    ] info (main.py:9)
[25-11-08 16:24:55] [WARNING ] warning (main.py:10)
[25-11-08 16:24:55] [ERROR   ] error (main.py:11)
[25-11-08 16:24:55] [INFO    ] 💾 Using Chroma persistent client at: C:\Users\shank\PycharmProjects\OpenLogRCA\Embeddings (setUpDB.py:30)
[25-11-16 12:28:04] [INFO    ] Loaded logs from config file: C:\Users\shank\PycharmProjects\OpenLogRCA\config.ini (RCAconfig.py:13)
[25-11-16 12:28:04] [INFO    ] Successfully read config file from path: ['C:\\Users\\shank\\PycharmProjects\\OpenLogRCA\\config.ini'] (RCAconfig.py:18)
[25-11-16 12:28:04] [INFO    ] 💾 Using Chroma persistent client at: C:\Users\shank\PycharmProjects\OpenLogRCA\vectorEmbeddings\Embeddings (setUpDB.py:30)
[25-11-16 12:31:02] [INFO    ] Loaded logs from config file: C:\Users\shank\PycharmProjects\OpenLogRCA\config.ini (RCAconfig.py:13)
[25-11-16 12:31:02] [INFO    ] Successfully read config file from path: ['C:\\Users\\shank\\PycharmProjects\\OpenLogRCA\\config.ini'] (RCAconfig.py:18)
[25-11-16 12:31:02] [INFO    ] 💾 Using Chroma persistent client at: C:\Users\shank\PycharmProjects\OpenLogRCA\vectorEmbeddings\Embeddings (setUpDB.py:30)
[25-11-16 12:31:37] [INFO    ] Loaded logs from config file: C:\Users\shank\PycharmProjects\OpenLogRCA\config.ini (RCAconfig.py:13)
[25-11-16 12:31:37] [INFO    ] Successfully read config file from path: ['C:\\Users\\shank\\PycharmProjects\\OpenLogRCA\\config.ini'] (RCAconfig.py:18)
[25-11-16 12:31:37] [INFO    ] 💾 Using Chroma persistent client at: C:\Users\shank\PycharmProjects\OpenLogRCA\vectorEmbeddings\Embeddings (setUpDB.py:30)
[25-11-16 12:33:25] [INFO    ] Loaded logs from config file: C:\Users\shank\PycharmProjects\OpenLogRCA\config.ini (RCAconfig.py:13)
[25-11-16 12:33:25] [INFO    ] Successfully read config file from path: ['C:\\Users\\shank\\PycharmProjects\\OpenLogRCA\\config.ini'] (RCAconfig.py:18)
[25-11-16 12:33:25] [INFO    ] 💾 Using Chroma persistent client at: C:\Users\shank\PycharmProjects\OpenLogRCA\vectorEmbeddings\Embeddings (setUpDB.py:30)
[25-11-16 12:36:23] [INFO    ] Loaded logs from config file: C:\Users\shank\PycharmProjects\OpenLogRCA\config.ini (RCAconfig.py:13)
[25-11-16 12:36:23] [INFO    ] Successfully read config file from path: ['C:\\Users\\shank\\PycharmProjects\\OpenLogRCA\\config.ini'] (RCAconfig.py:18)
[25-11-16 12:36:23] [INFO    ] 💾 Using Chroma persistent client at: C:\Users\shank\PycharmProjects\OpenLogRCA\vectorEmbeddings\Embeddings (setUpDB.py:30)
[25-11-16 12:37:27] [INFO    ] Loaded logs from config file: C:\Users\shank\PycharmProjects\OpenLogRCA\config.ini (RCAconfig.py:13)
[25-11-16 12:37:27] [INFO    ] Successfully read config file from path: ['C:\\Users\\shank\\PycharmProjects\\OpenLogRCA\\config.ini'] (RCAconfig.py:18)
[25-11-16 12:37:27] [INFO    ] 💾 Using Chroma persistent client at: C:\Users\shank\PycharmProjects\OpenLogRCA\vectorEmbeddings\Embeddings (setUpDB.py:30)
[25-11-16 12:38:21] [INFO    ] Loaded logs from config file: C:\Users\shank\PycharmProjects\OpenLogRCA\config.ini (RCAconfig.py:13)
[25-11-16 12:38:21] [INFO    ] Successfully read config file from path: ['C:\\Users\\shank\\PycharmProjects\\OpenLogRCA\\config.ini'] (RCAconfig.py:18)
[25-11-16 12:38:21] [INFO    ] 💾 Using Chroma persistent client at: C:\Users\shank\PycharmProjects\OpenLogRCA\vectorEmbeddings\Embeddings (setUpDB.py:30)
[25-11-16 12:45:19] [INFO    ] Loaded logs from config file: C:\Users\shank\PycharmProjects\OpenLogRCA\config.ini (RCAconfig.py:13)
[25-11-16 12:45:19] [INFO    ] Successfully read config file from path: ['C:\\Users\\shank\\PycharmProjects\\OpenLogRCA\\config.ini'] (RCAconfig.py:18)
[25-11-16 12:45:19] [INFO    ] 💾 Using Chroma persistent client at: C:\Users\shank\PycharmProjects\OpenLogRCA\vectorEmbeddings\Embeddings (setUpDB.py:30)
[25-11-16 12:46:17] [INFO    ] Loaded logs from config file: C:\Users\shank\PycharmProjects\OpenLogRCA\config.ini (RCAconfig.py:13)
[25-11-16 12:46:17] [INFO    ] Successfully read config file from path: ['C:\\Users\\shank\\PycharmProjects\\OpenLogRCA\\config.ini'] (RCAconfig.py:18)
[25-11-16 12:46:17] [INFO    ] 💾 Using Chroma persistent client at: C:\Users\shank\PycharmProjects\OpenLogRCA\vectorEmbeddings\Embeddings (setUpDB.py:30)
[25-11-16 12:47:02] [INFO    ] Loaded logs from config file: C:\Users\shank\PycharmProjects\OpenLogRCA\config.ini (RCAconfig.py:13)
[25-11-16 12:47:02] [INFO    ] Successfully read config file from path: ['C:\\Users\\shank\\PycharmProjects\\OpenLogRCA\\config.ini'] (RCAconfig.py:18)
[25-11-16 12:47:02] [INFO    ] 💾 Using Chroma persistent client at: C:\Users\shank\PycharmProjects\OpenLogRCA\vectorEmbeddings\Embeddings (setUpDB.py:30)
[25-11-16 12:48:22] [INFO    ] Loaded logs from config file: C:\Users\shank\PycharmProjects\OpenLogRCA\config.ini (RCAconfig.py:13)
[25-11-16 12:48:22] [INFO    ] Successfully read config file from path: ['C:\\Users\\shank\\PycharmProjects\\OpenLogRCA\\config.ini'] (RCAconfig.py:18)
[25-11-16 12:48:22] [INFO    ] 💾 Using Chroma persistent client at: C:\Users\shank\PycharmProjects\OpenLogRCA\vectorEmbeddings\Embeddings (setUpDB.py:30)
[25-11-16 12:48:46] [INFO    ] Loaded logs from config file: C:\Users\shank\PycharmProjects\OpenLogRCA\config.ini (RCAconfig.py:13)
[25-11-16 12:48:46] [INFO    ] Successfully read config file from path: ['C:\\Users\\shank\\PycharmProjects\\OpenLogRCA\\config.ini'] (RCAconfig.py:18)
[25-11-16 12:48:46] [INFO    ] 💾 Using Chroma persistent client at: C:\Users\shank\PycharmProjects\OpenLogRCA\vectorEmbeddings\Embeddings (setUpDB.py:30)
[25-11-16 12:49:01] [INFO    ] Loaded logs from config file: C:\Users\shank\PycharmProjects\OpenLogRCA\config.ini (RCAconfig.py:13)
[25-11-16 12:49:01] [INFO    ] Successfully read config file from path: ['C:\\Users\\shank\\PycharmProjects\\OpenLogRCA\\config.ini'] (RCAconfig.py:18)
[25-11-16 12:49:01] [INFO    ] 💾 Using Chroma persistent client at: C:\Users\shank\PycharmProjects\OpenLogRCA\vectorEmbeddings\Embeddings (setUpDB.py:30)
[25-11-16 12:49:21] [INFO    ] Loaded logs from config file: C:\Users\shank\PycharmProjects\OpenLogRCA\config.ini (RCAconfig.py:13)
[25-11-16 12:49:21] [INFO    ] Successfully read config file from path: ['C:\\Users\\shank\\PycharmProjects\\OpenLogRCA\\config.ini'] (RCAconfig.py:18)
[25-11-16 12:49:21] [INFO    ] 💾 Using Chroma persistent client at: C:\Users\shank\PycharmProjects\OpenLogRCA\vectorEmbeddings\Embeddings (setUpDB.py:30)
[25-11-16 12:55:23] [INFO    ] Loaded logs from config file: C:\Users\shank\PycharmProjects\OpenLogRCA\config.ini (RCAconfig.py:13)
[25-11-16 12:55:23] [INFO    ] Successfully read config file from path: ['C:\\Users\\shank\\PycharmProjects\\OpenLogRCA\\config.ini'] (RCAconfig.py:18)
[25-11-16 12:55:23] [INFO    ] 💾 Using Chroma persistent client at: C:\Users\shank\PycharmProjects\OpenLogRCA\vectorEmbeddings\Embeddings (setUpDB.py:30)
[25-11-16 12:55:49] [INFO    ] Loaded logs from config file: C:\Users\shank\PycharmProjects\OpenLogRCA\config.ini (RCAconfig.py:13)
[25-11-16 12:55:49] [INFO    ] Successfully read config file from path: ['C:\\Users\\shank\\PycharmProjects\\OpenLogRCA\\config.ini'] (RCAconfig.py:18)
[25-11-16 12:55:49] [INFO    ] 💾 Using Chroma persistent client at: C:\Users\shank\PycharmProjects\OpenLogRCA\vectorEmbeddings\Embeddings (setUpDB.py:30)
[25-11-16 13:01:06] [INFO    ] Loaded logs from config file: C:\Users\shank\PycharmProjects\OpenLogRCA\config.ini (RCAconfig.py:13)
[25-11-16 13:01:06] [INFO    ] Successfully read config file from path: ['C:\\Users\\shank\\PycharmProjects\\OpenLogRCA\\config.ini'] (RCAconfig.py:18)
[25-11-16 13:01:06] [INFO    ] 💾 Using Chroma persistent client at: C:\Users\shank\PycharmProjects\OpenLogRCA\vectorEmbeddings\Embeddings (setUpDB.py:30)
[25-11-16 13:02:34] [INFO    ] Loaded logs from config file: C:\Users\shank\PycharmProjects\OpenLogRCA\config.ini (RCAconfig.py:13)
[25-11-16 13:02:34] [INFO    ] Successfully read config file from path: ['C:\\Users\\shank\\PycharmProjects\\OpenLogRCA\\config.ini'] (RCAconfig.py:18)
[25-11-16 13:02:34] [INFO    ] 💾 Using Chroma persistent client at: C:\Users\shank\PycharmProjects\OpenLogRCA\vectorEmbeddings\Embeddings (setUpDB.py:30)
[25-11-16 13:02:57] [INFO    ] Loaded logs from config file: C:\Users\shank\PycharmProjects\OpenLogRCA\config.ini (RCAconfig.py:13)
[25-11-16 13:02:57] [INFO    ] Successfully read config file from path: ['C:\\Users\\shank\\PycharmProjects\\OpenLogRCA\\config.ini'] (RCAconfig.py:18)
[25-11-16 13:02:57] [INFO    ] 💾 Using Chroma persistent client at: C:\Users\shank\PycharmProjects\OpenLogRCA\vectorEmbeddings\Embeddings (setUpDB.py:30)
[25-11-16 13:10:54] [INFO    ] Loaded logs from config file: C:\Users\shank\PycharmProjects\OpenLogRCA\config.ini (RCAconfig.py:13)
[25-11-16 13:10:54] [INFO    ] Successfully read config file from path: ['C:\\Users\\shank\\PycharmProjects\\OpenLogRCA\\config.ini'] (RCAconfig.py:18)
[25-11-16 13:10:54] [INFO    ] 💾 Using Chroma persistent client at: C:\Users\shank\PycharmProjects\OpenLogRCA\vectorEmbeddings\Embeddings (setUpDB.py:30)
[25-11-16 13:11:50] [INFO    ] Loaded logs from config file: C:\Users\shank\PycharmProjects\OpenLogRCA\config.ini (RCAconfig.py:13)
[25-11-16 13:11:50] [INFO    ] Successfully read config file from path: ['C:\\Users\\shank\\PycharmProjects\\OpenLogRCA\\config.ini'] (RCAconfig.py:18)
[25-11-16 13:11:50] [INFO    ] 💾 Using Chroma persistent client at: C:\Users\shank\PycharmProjects\OpenLogRCA\vectorEmbeddings\Embeddings (setUpDB.py:30)
[25-11-16 13:12:10] [INFO    ] Loaded logs from config file: C:\Users\shank\PycharmProjects\OpenLogRCA\config.ini (RCAconfig.py:13)
[25-11-16 13:12:10] [INFO    ] Successfully read config file from path: ['C:\\Users\\shank\\PycharmProjects\\OpenLogRCA\\config.ini'] (RCAconfig.py:18)
[25-11-16 13:12:10] [INFO    ] 💾 Using Chroma persistent client at: C:\Users\shank\PycharmProjects\OpenLogRCA\vectorEmbeddings\Embeddings (setUpDB.py:30)
[25-11-16 13:16:35] [INFO    ] Loaded logs from config file: C:\Users\shank\PycharmProjects\OpenLogRCA\config.ini (RCAconfig.py:13)
[25-11-16 13:16:35] [INFO    ] Successfully read config file from path: ['C:\\Users\\shank\\PycharmProjects\\OpenLogRCA\\config.ini'] (RCAconfig.py:18)
[25-11-16 13:16:35] [INFO    ] 💾 Using Chroma persistent client at: C:\Users\shank\PycharmProjects\OpenLogRCA\vectorEmbeddings\Embeddings (setUpDB.py:30)
[25-11-16 13:18:21] [INFO    ] Loaded logs from config file: C:\Users\shank\PycharmProjects\OpenLogRCA\config.ini (RCAconfig.py:13)
[25-11-16 13:18:21] [INFO    ] Successfully read config file from path: ['C:\\Users\\shank\\PycharmProjects\\OpenLogRCA\\config.ini'] (RCAconfig.py:18)
[25-11-16 13:18:21] [INFO    ] 🌐 Using remote Chroma server at localhost:8000 (setUpDB.py:49)
[25-11-16 13:21:28] [INFO    ] Loaded logs from config file: C:\Users\shank\PycharmProjects\OpenLogRCA\config.ini (RCAconfig.py:13)
[25-11-16 13:21:28] [INFO    ] Successfully read config file from path: ['C:\\Users\\shank\\PycharmProjects\\OpenLogRCA\\config.ini'] (RCAconfig.py:18)
[25-11-16 13:21:28] [INFO    ] 🌐 Using remote Chroma server at localhost:8000 (setUpDB.py:49)
[25-11-16 13:22:01] [INFO    ] Loaded logs from config file: C:\Users\shank\PycharmProjects\OpenLogRCA\config.ini (RCAconfig.py:13)
[25-11-16 13:22:01] [INFO    ] Successfully read config file from path: ['C:\\Users\\shank\\PycharmProjects\\OpenLogRCA\\config.ini'] (RCAconfig.py:18)
[25-11-16 13:22:01] [INFO    ] 🌐 Using remote Chroma server at localhost:8000 (setUpDB.py:49)
[25-11-16 14:48:36] [INFO    ] Loaded logs from config file: C:\Users\shank\PycharmProjects\OpenLogRCA\config.ini (RCAconfig.py:13)
[25-11-16 14:48:36] [INFO    ] Successfully read config file from path: ['C:\\Users\\shank\\PycharmProjects\\OpenLogRCA\\config.ini'] (RCAconfig.py:18)
[25-11-16 14:48:36] [INFO    ] 🌐 Using remote Chroma server at localhost:8000 (setUpDB.py:49)
[25-11-16 14:49:04] [INFO    ] Loaded logs from config file: C:\Users\shank\PycharmProjects\OpenLogRCA\config.ini (RCAconfig.py:13)
[25-11-16 14:49:04] [INFO    ] Successfully read config file from path: ['C:\\Users\\shank\\PycharmProjects\\OpenLogRCA\\config.ini'] (RCAconfig.py:18)
[25-11-16 14:49:04] [INFO    ] 🌐 Using remote Chroma server at localhost:8000 (setUpDB.py:49)
[25-11-16 14:49:23] [INFO    ] Loaded logs from config file: C:\Users\shank\PycharmProjects\OpenLogRCA\config.ini (RCAconfig.py:13)
[25-11-16 14:49:23] [INFO    ] Successfully read config file from path: ['C:\\Users\\shank\\PycharmProjects\\OpenLogRCA\\config.ini'] (RCAconfig.py:18)
[25-11-16 14:49:23] [INFO    ] 🌐 Using remote Chroma server at localhost:8000 (setUpDB.py:49)
[25-11-16 14:49:40] [INFO    ] Loaded logs from config file: C:\Users\shank\PycharmProjects\OpenLogRCA\config.ini (RCAconfig.py:13)
[25-11-16 14:49:41] [INFO    ] Successfully read config file from path: ['C:\\Users\\shank\\PycharmProjects\\OpenLogRCA\\config.ini'] (RCAconfig.py:18)
[25-11-16 14:49:41] [INFO    ] 🌐 Using remote Chroma server at localhost:8000 (setUpDB.py:49)
[25-11-16 14:50:03] [INFO    ] Loaded logs from config file: C:\Users\shank\PycharmProjects\OpenLogRCA\config.ini (RCAconfig.py:13)
[25-11-16 14:50:03] [INFO    ] Successfully read config file from path: ['C:\\Users\\shank\\PycharmProjects\\OpenLogRCA\\config.ini'] (RCAconfig.py:18)
[25-11-16 14:50:03] [INFO    ] 🌐 Using remote Chroma server at localhost:8000 (setUpDB.py:49)
[25-11-16 15:40:20] [INFO    ] Loaded logs from config file: C:\Users\shank\PycharmProjects\OpenLogRCA\config.ini (RCAconfig.py:13)
[25-11-16 15:40:20] [INFO    ] Successfully read config file from path: ['C:\\Users\\shank\\PycharmProjects\\OpenLogRCA\\config.ini'] (RCAconfig.py:18)
[25-11-16 15:40:20] [INFO    ] 💾 Using Chroma persistent client at: C:\Users\shank\PycharmProjects\OpenLogRCA\vectorEmbeddings\Embeddings (setUpDB.py:30)
[25-11-16 15:40:20] [INFO    ] Loaded logs from config file: C:\Users\shank\PycharmProjects\OpenLogRCA\config.ini (RCAconfig.py:13)
[25-11-16 15:40:20] [INFO    ] Successfully read config file from path: ['C:\\Users\\shank\\PycharmProjects\\OpenLogRCA\\config.ini'] (RCAconfig.py:18)
[25-11-16 15:40:20] [INFO    ] 🌐 Using remote Chroma server at localhost:8000 (setUpDB.py:49)
[25-11-16 15:40:41] [INFO    ] Loaded logs from config file: C:\Users\shank\PycharmProjects\config.ini (RCAconfig.py:13)
[25-11-16 15:40:41] [INFO    ] Successfully read config file from path: [] (RCAconfig.py:18)
[25-11-16 15:40:51] [INFO    ] 💾 Using Chroma persistent client at: C:\Users\shank\PycharmProjects\OpenLogRCA\Embeddings (setUpDB.py:30)
[25-11-16 15:42:01] [INFO    ] Loaded logs from config file: C:\Users\shank\PycharmProjects\config.ini (RCAconfig.py:13)
[25-11-16 15:42:01] [INFO    ] Successfully read config file from path: [] (RCAconfig.py:18)
[25-11-16 15:42:03] [INFO    ] 💾 Using Chroma persistent client at: C:\Users\shank\PycharmProjects\OpenLogRCA\Embeddings (setUpDB.py:30)
[25-11-16 15:46:17] [INFO    ] Loaded logs from config file: C:\Users\shank\PycharmProjects\config.ini (RCAconfig.py:13)
[25-11-16 15:46:17] [INFO    ] Successfully read config file from path: [] (RCAconfig.py:18)
[25-11-16 15:46:18] [INFO    ] 💾 Using Chroma persistent client at: C:\Users\shank\PycharmProjects\OpenLogRCA\Embeddings (setUpDB.py:30)
[25-11-16 15:47:50] [INFO    ] Loaded logs from config file: C:\Users\shank\PycharmProjects\config.ini (RCAconfig.py:13)
[25-11-16 15:47:50] [INFO    ] Successfully read config file from path: [] (RCAconfig.py:18)
[25-11-16 15:47:50] [INFO    ] 💾 Using Chroma persistent client at: C:\Users\shank\PycharmProjects\OpenLogRCA\Embeddings (setUpDB.py:30)
[25-11-16 15:48:44] [INFO    ] Loaded logs from config file: C:\Users\shank\PycharmProjects\config.ini (RCAconfig.py:13)
[25-11-16 15:48:44] [INFO    ] Successfully read config file from path: [] (RCAconfig.py:18)
[25-11-16 15:48:45] [INFO    ] 💾 Using Chroma persistent client at: C:\Users\shank\PycharmProjects\OpenLogRCA\Embeddings (setUpDB.py:30)
[25-11-16 15:49:42] [INFO    ] Loaded logs from config file: C:\Users\shank\PycharmProjects\config.ini (RCAconfig.py:13)
[25-11-16 15:49:42] [INFO    ] Successfully read config file from path: [] (RCAconfig.py:18)
[25-11-16 15:49:43] [INFO    ] 💾 Using Chroma persistent client at: C:\Users\shank\PycharmProjects\OpenLogRCA\Embeddings (setUpDB.py:30)
[25-11-16 15:50:46] [INFO    ] Loaded logs from config file: C:\Users\shank\PycharmProjects\config.ini (RCAconfig.py:13)
[25-11-16 15:50:46] [INFO    ] Successfully read config file from path: [] (RCAconfig.py:18)
[25-11-16 15:50:47] [INFO    ] 💾 Using Chroma persistent client at: C:\Users\shank\PycharmProjects\OpenLogRCA\Embeddings (setUpDB.py:30)
[25-11-16 15:58:44] [INFO    ] Loaded logs from config file: C:\Users\shank\PycharmProjects\config.ini (RCAconfig.py:13)
[25-11-16 15:58:44] [INFO    ] Successfully read config file from path: [] (RCAconfig.py:18)
[25-11-16 15:58:45] [INFO    ] 💾 Using Chroma persistent client at: C:\Users\shank\PycharmProjects\OpenLogRCA\Embeddings (setUpDB.py:30)
[25-11-16 15:59:13] [INFO    ] Loaded logs from config file: C:\Users\shank\PycharmProjects\config.ini (RCAconfig.py:13)
[25-11-16 15:59:13] [INFO    ] Successfully read config file from path: [] (RCAconfig.py:18)
[25-11-16 15:59:23] [INFO    ] Loaded logs from config file: C:\Users\shank\PycharmProjects\config.ini (RCAconfig.py:13)
[25-11-16 15:59:23] [INFO    ] Successfully read config file from path: [] (RCAconfig.py:18)
[25-11-16 15:59:25] [INFO    ] 💾 Using Chroma persistent client at: C:\Users\shank\PycharmProjects\OpenLogRCA\Embeddings (setUpDB.py:30)
[25-11-16 16:01:38] [INFO    ] Loaded logs from config file: C:\Users\shank\PycharmProjects\OpenLogRCA\config.ini (RCAconfig.py:13)
[25-11-16 16:01:38] [INFO    ] Successfully read config file from path: ['C:\\Users\\shank\\PycharmProjects\\OpenLogRCA\\config.ini'] (RCAconfig.py:18)
[25-11-16 16:01:38] [INFO    ] 💾 Using Chroma persistent client at: C:\Users\shank\PycharmProjects\OpenLogRCA\vectorEmbeddings\Embeddings (setUpDB.py:30)
[25-11-16 16:01:56] [INFO    ] Loaded logs from config file: C:\Users\shank\PycharmProjects\OpenLogRCA\config.ini (RCAconfig.py:13)
[25-11-16 16:01:56] [INFO    ] Successfully read config file from path: ['C:\\Users\\shank\\PycharmProjects\\OpenLogRCA\\config.ini'] (RCAconfig.py:18)
[25-11-16 16:01:56] [INFO    ] 💾 Using Chroma persistent client at: C:\Users\shank\PycharmProjects\OpenLogRCA\vectorEmbeddings\Embeddings (setUpDB.py:30)
[25-11-16 16:02:06] [INFO    ] Loaded logs from config file: C:\Users\shank\PycharmProjects\OpenLogRCA\config.ini (RCAconfig.py:13)
[25-11-16 16:02:06] [INFO    ] Successfully read config file from path: ['C:\\Users\\shank\\PycharmProjects\\OpenLogRCA\\config.ini'] (RCAconfig.py:18)
[25-11-16 16:02:06] [INFO    ] 💾 Using Chroma persistent client at: C:\Users\shank\PycharmProjects\OpenLogRCA\vectorEmbeddings\Embeddings (setUpDB.py:30)
[25-11-16 16:02:33] [INFO    ] Loaded logs from config file: C:\Users\shank\PycharmProjects\OpenLogRCA\config.ini (RCAconfig.py:13)
[25-11-16 16:02:33] [INFO    ] Successfully read config file from path: ['C:\\Users\\shank\\PycharmProjects\\OpenLogRCA\\config.ini'] (RCAconfig.py:18)
[25-11-16 16:02:33] [INFO    ] 💾 Using Chroma persistent client at: C:\Users\shank\PycharmProjects\OpenLogRCA\vectorEmbeddings\Embeddings (setUpDB.py:30)
[25-11-16 16:04:05] [INFO    ] Loaded logs from config file: C:\Users\shank\PycharmProjects\OpenLogRCA\config.ini (RCAconfig.py:13)
[25-11-16 16:04:05] [INFO    ] Successfully read config file from path: ['C:\\Users\\shank\\PycharmProjects\\OpenLogRCA\\config.ini'] (RCAconfig.py:18)
[25-11-16 16:04:05] [INFO    ] 💾 Using Chroma persistent client at: C:\Users\shank\PycharmProjects\OpenLogRCA\vectorEmbeddings\Embeddings (setUpDB.py:30)
[25-11-16 16:05:21] [INFO    ] Loaded logs from config file: C:\Users\shank\PycharmProjects\OpenLogRCA\config.ini (RCAconfig.py:13)
[25-11-16 16:05:21] [INFO    ] Successfully read config file from path: ['C:\\Users\\shank\\PycharmProjects\\OpenLogRCA\\config.ini'] (RCAconfig.py:18)
[25-11-16 16:05:21] [INFO    ] 💾 Using Chroma persistent client at: C:\Users\shank\PycharmProjects\OpenLogRCA\vectorEmbeddings\Embeddings (setUpDB.py:30)
[25-11-16 16:05:41] [INFO    ] Loaded logs from config file: C:\Users\shank\PycharmProjects\OpenLogRCA\config.ini (RCAconfig.py:13)
[25-11-16 16:05:41] [INFO    ] Successfully read config file from path: ['C:\\Users\\shank\\PycharmProjects\\OpenLogRCA\\config.ini'] (RCAconfig.py:18)
[25-11-16 16:05:41] [INFO    ] 💾 Using Chroma persistent client at: C:\Users\shank\PycharmProjects\OpenLogRCA\vectorEmbeddings\Embeddings (setUpDB.py:30)
[25-11-16 16:06:47] [INFO    ] Loaded logs from config file: C:\Users\shank\PycharmProjects\OpenLogRCA\config.ini (RCAconfig.py:13)
[25-11-16 16:06:47] [INFO    ] Successfully read config file from path: ['C:\\Users\\shank\\PycharmProjects\\OpenLogRCA\\config.ini'] (RCAconfig.py:18)
[25-11-16 16:06:47] [INFO    ] 💾 Using Chroma persistent client at: C:\Users\shank\PycharmProjects\OpenLogRCA\vectorEmbeddings\Embeddings (setUpDB.py:30)
[25-11-16 16:06:56] [INFO    ] Loaded logs from config file: C:\Users\shank\PycharmProjects\OpenLogRCA\config.ini (RCAconfig.py:13)
[25-11-16 16:06:56] [INFO    ] Successfully read config file from path: ['C:\\Users\\shank\\PycharmProjects\\OpenLogRCA\\config.ini'] (RCAconfig.py:18)
[25-11-16 16:06:56] [INFO    ] 💾 Using Chroma persistent client at: C:\Users\shank\PycharmProjects\OpenLogRCA\vectorEmbeddings\Embeddings (setUpDB.py:30)
[25-11-16 16:07:25] [INFO    ] Loaded logs from config file: C:\Users\shank\PycharmProjects\OpenLogRCA\config.ini (RCAconfig.py:13)
[25-11-16 16:07:25] [INFO    ] Successfully read config file from path: ['C:\\Users\\shank\\PycharmProjects\\OpenLogRCA\\config.ini'] (RCAconfig.py:18)
[25-11-16 16:07:25] [INFO    ] 💾 Using Chroma persistent client at: C:\Users\shank\PycharmProjects\OpenLogRCA\vectorEmbeddings\Embeddings (setUpDB.py:30)
[25-11-16 16:09:50] [INFO    ] Loaded logs from config file: C:\Users\shank\PycharmProjects\config.ini (RCAconfig.py:13)
[25-11-16 16:09:50] [INFO    ] Successfully read config file from path: [] (RCAconfig.py:18)
[25-11-16 16:09:51] [INFO    ] 💾 Using Chroma persistent client at: C:\Users\shank\PycharmProjects\OpenLogRCA\Embeddings (setUpDB.py:30)
[25-11-16 16:10:10] [INFO    ] Loaded logs from config file: C:\Users\shank\PycharmProjects\config.ini (RCAconfig.py:13)
[25-11-16 16:10:10] [INFO    ] Successfully read config file from path: [] (RCAconfig.py:18)
[25-11-16 16:10:11] [INFO    ] 💾 Using Chroma persistent client at: C:\Users\shank\PycharmProjects\OpenLogRCA\Embeddings (setUpDB.py:30)
[25-11-16 16:11:32] [INFO    ] Loaded logs from config file: C:\Users\shank\PycharmProjects\config.ini (RCAconfig.py:13)
[25-11-16 16:11:32] [INFO    ] Successfully read config file from path: [] (RCAconfig.py:18)
[25-11-16 16:11:33] [INFO    ] 💾 Using Chroma persistent client at: C:\Users\shank\PycharmProjects\OpenLogRCA\Embeddings (setUpDB.py:30)
[25-11-16 16:12:33] [INFO    ] Loaded logs from config file: C:\Users\shank\PycharmProjects\config.ini (RCAconfig.py:13)
[25-11-16 16:12:33] [INFO    ] Successfully read config file from path: [] (RCAconfig.py:18)
[25-11-16 16:12:35] [ERROR   ] ❌ Missing HttpClient_Host or HttpClient_Port in [Chroma]. HTTP mode cannot start. Please check your configuration file. (setUpDB.py:55)
[25-11-16 16:12:48] [INFO    ] Loaded logs from config file: C:\Users\shank\PycharmProjects\config.ini (RCAconfig.py:13)
[25-11-16 16:12:48] [INFO    ] Successfully read config file from path: [] (RCAconfig.py:18)
[25-11-16 16:12:51] [ERROR   ] ❌ Missing HttpClient_Host or HttpClient_Port in [Chroma]. HTTP mode cannot start. Please check your configuration file. (setUpDB.py:55)
[25-11-16 16:13:35] [INFO    ] Loaded logs from config file: C:\Users\shank\PycharmProjects\config.ini (RCAconfig.py:13)
[25-11-16 16:13:35] [INFO    ] Successfully read config file from path: [] (RCAconfig.py:18)
[25-11-16 16:13:35] [ERROR   ] ❌ Missing HttpClient_Host or HttpClient_Port in [Chroma]. HTTP mode cannot start. Please check your configuration file. (setUpDB.py:55)
[25-11-16 16:15:28] [INFO    ] Loaded logs from config file: C:\Users\shank\PycharmProjects\config.ini (RCAconfig.py:13)
[25-11-16 16:15:28] [INFO    ] Successfully read config file from path: [] (RCAconfig.py:18)
[25-11-16 16:15:29] [ERROR   ] ❌ Missing HttpClient_Host or HttpClient_Port in [Chroma]. HTTP mode cannot start. Please check your configuration file. (setUpDB.py:56)
[25-11-16 16:20:11] [INFO    ] Loaded logs from config file: C:\Users\shank\PycharmProjects\config.ini (RCAconfig.py:14)
[25-11-16 16:20:11] [INFO    ] Successfully read config file from path: [] (RCAconfig.py:19)
[25-11-16 16:20:12] [ERROR   ] ❌ Missing HttpClient_Host or HttpClient_Port in [Chroma]. HTTP mode cannot start. Please check your configuration file. (setUpDB.py:55)
[25-11-16 16:20:38] [INFO    ] Loaded logs from config file: C:\Users\shank\PycharmProjects\config.ini (RCAconfig.py:14)
[25-11-16 16:20:38] [INFO    ] Successfully read config file from path: [] (RCAconfig.py:19)
[25-11-16 16:20:39] [ERROR   ] ❌ Missing HttpClient_Host or HttpClient_Port in [Chroma]. HTTP mode cannot start. Please check your configuration file. (setUpDB.py:55)
[25-11-16 16:21:17] [INFO    ] Loaded logs from config file: C:\Users\shank\PycharmProjects\config.ini (RCAconfig.py:13)
[25-11-16 16:21:17] [INFO    ] Successfully read config file from path: ['C:\\Users\\shank\\PycharmProjects\\config.ini'] (RCAconfig.py:18)
[25-11-16 16:21:17] [INFO    ] 🌐 Using remote Chroma server at localhost:8000 (setUpDB.py:49)
[25-11-17 15:06:07] [INFO    ] Loaded logs from config file: C:\Users\shank\PycharmProjects\config.ini (RCAconfig.py:13)
[25-11-17 15:06:07] [INFO    ] Successfully read config file from path: ['C:\\Users\\shank\\PycharmProjects\\config.ini'] (RCAconfig.py:18)
[25-11-17 15:06:25] [INFO    ] 💾 Using Chroma persistent client at: C:\Users\shank\PycharmProjects\OpenLogRCA\Embeddings (setUpDB.py:30)
[25-11-17 15:08:05] [INFO    ] Loaded logs from config file: C:\Users\shank\config.ini (RCAconfig.py:13)
[25-11-17 15:08:05] [INFO    ] Successfully read config file from path: [] (RCAconfig.py:18)
[25-11-17 15:13:46] [INFO    ] Loaded logs from config file: C:\Users\shank\PycharmProjects\config.ini (RCAconfig.py:13)
[25-11-17 15:13:46] [INFO    ] Successfully read config file from path: ['C:\\Users\\shank\\PycharmProjects\\config.ini'] (RCAconfig.py:18)
[25-11-17 15:14:39] [INFO    ] Loaded logs from config file: C:\Users\shank\PycharmProjects\config.ini (RCAconfig.py:13)
[25-11-17 15:14:39] [INFO    ] Successfully read config file from path: ['C:\\Users\\shank\\PycharmProjects\\config.ini'] (RCAconfig.py:18)
[25-11-17 15:14:43] [INFO    ] 💾 Using Chroma persistent client at: C:\Users\shank\PycharmProjects\OpenLogRCA\Embeddings (setUpDB.py:30)
[25-11-17 15:15:14] [INFO    ] Loaded logs from config file: C:\Users\shank\PycharmProjects\config.ini (RCAconfig.py:13)
[25-11-17 15:15:14] [INFO    ] Successfully read config file from path: ['C:\\Users\\shank\\PycharmProjects\\config.ini'] (RCAconfig.py:18)
[25-11-17 15:15:15] [INFO    ] 💾 Using Chroma persistent client at: C:\Users\shank\PycharmProjects\OpenLogRCA\Embeddings (setUpDB.py:30)
[25-11-18 20:54:29] [INFO    ] Loaded logs from config file: C:\Users\shank\PycharmProjects\config.ini (RCAconfig.py:13)
[25-11-18 20:54:29] [INFO    ] Successfully read config file from path: ['C:\\Users\\shank\\PycharmProjects\\config.ini'] (RCAconfig.py:18)
[25-11-18 20:54:30] [INFO    ] 💾 Using Chroma persistent client at: C:\Users\shank\PycharmProjects\OpenLogRCA\Embeddings (setUpDB.py:30)
[25-11-18 20:55:22] [INFO    ] Loaded logs from config file: C:\Users\shank\PycharmProjects\config.ini (RCAconfig.py:13)
[25-11-18 20:55:22] [INFO    ] Successfully read config file from path: ['C:\\Users\\shank\\PycharmProjects\\config.ini'] (RCAconfig.py:18)
[25-11-18 20:55:52] [INFO    ] Loaded logs from config file: C:\Users\shank\PycharmProjects\config.ini (RCAconfig.py:13)
[25-11-18 20:55:52] [INFO    ] Successfully read config file from path: ['C:\\Users\\shank\\PycharmProjects\\config.ini'] (RCAconfig.py:18)
[25-11-18 20:55:54] [INFO    ] 💾 Using Chroma persistent client at: C:\Users\shank\PycharmProjects\OpenLogRCA\Embeddings (setUpDB.py:30)
[25-11-18 20:56:44] [INFO    ] Loaded logs from config file: C:\Users\shank\PycharmProjects\config.ini (RCAconfig.py:13)
[25-11-18 20:56:44] [INFO    ] Successfully read config file from path: ['C:\\Users\\shank\\PycharmProjects\\config.ini'] (RCAconfig.py:18)
[25-11-18 20:56:45] [INFO    ] 💾 Using Chroma persistent client at: C:\Users\shank\PycharmProjects\OpenLogRCA\Embeddings (setUpDB.py:30)
[25-11-18 20:58:54] [INFO    ] Loaded logs from config file: C:\Users\shank\PycharmProjects\config.ini (RCAconfig.py:13)
[25-11-18 20:58:54] [INFO    ] Successfully read config file from path: ['C:\\Users\\shank\\PycharmProjects\\config.ini'] (RCAconfig.py:18)
[25-11-18 20:58:55] [INFO    ] 💾 Using Chroma persistent client at: C:\Users\shank\PycharmProjects\OpenLogRCA\Embeddings (setUpDB.py:30)
[25-11-18 21:05:56] [INFO    ] Loaded logs from config file: C:\Users\shank\PycharmProjects\config.ini (RCAconfig.py:13)
[25-11-18 21:05:56] [INFO    ] Successfully read config file from path: ['C:\\Users\\shank\\PycharmProjects\\config.ini'] (RCAconfig.py:18)
[25-11-18 21:05:56] [INFO    ] 💾 Using Chroma persistent client at: C:\Users\shank\PycharmProjects\OpenLogRCA\Embeddings (setUpDB.py:30)
[25-11-18 21:06:04] [INFO    ] Loaded logs from config file: C:\Users\shank\PycharmProjects\config.ini (RCAconfig.py:13)
[25-11-18 21:06:04] [INFO    ] Successfully read config file from path: ['C:\\Users\\shank\\PycharmProjects\\config.ini'] (RCAconfig.py:18)
[25-11-18 21:06:05] [INFO    ] 💾 Using Chroma persistent client at: C:\Users\shank\PycharmProjects\OpenLogRCA\Embeddings (setUpDB.py:30)
[25-11-18 21:07:11] [INFO    ] Loaded logs from config file: C:\Users\shank\PycharmProjects\config.ini (RCAconfig.py:13)
[25-11-18 21:07:11] [INFO    ] Successfully read config file from path: ['C:\\Users\\shank\\PycharmProjects\\config.ini'] (RCAconfig.py:18)
[25-11-18 21:07:12] [INFO    ] 💾 Using Chroma persistent client at: C:\Users\shank\PycharmProjects\OpenLogRCA\Embeddings (setUpDB.py:30)
[25-11-18 21:08:55] [INFO    ] Loaded logs from config file: C:\Users\shank\PycharmProjects\config.ini (RCAconfig.py:13)
[25-11-18 21:08:55] [INFO    ] Successfully read config file from path: ['C:\\Users\\shank\\PycharmProjects\\config.ini'] (RCAconfig.py:18)
[25-11-18 21:08:56] [INFO    ] 💾 Using Chroma persistent client at: C:\Users\shank\PycharmProjects\OpenLogRCA\Embeddings (setUpDB.py:30)
[25-11-18 21:10:47] [INFO    ] Loaded logs from config file: C:\Users\shank\PycharmProjects\config.ini (RCAconfig.py:13)
[25-11-18 21:10:47] [INFO    ] Successfully read config file from path: ['C:\\Users\\shank\\PycharmProjects\\config.ini'] (RCAconfig.py:18)
[25-11-18 21:10:48] [INFO    ] 💾 Using Chroma persistent client at: C:\Users\shank\PycharmProjects\OpenLogRCA\Embeddings (setUpDB.py:30)
[25-11-18 21:15:44] [INFO    ] Loaded logs from config file: C:\Users\shank\PycharmProjects\config.ini (RCAconfig.py:13)
[25-11-18 21:15:44] [INFO    ] Successfully read config file from path: ['C:\\Users\\shank\\PycharmProjects\\config.ini'] (RCAconfig.py:18)
[25-11-18 21:15:45] [INFO    ] 💾 Using Chroma persistent client at: C:\Users\shank\PycharmProjects\OpenLogRCA\Embeddings (setUpDB.py:30)
[25-11-18 21:16:11] [INFO    ] Loaded logs from config file: C:\Users\shank\PycharmProjects\config.ini (RCAconfig.py:13)
[25-11-18 21:16:11] [INFO    ] Successfully read config file from path: ['C:\\Users\\shank\\PycharmProjects\\config.ini'] (RCAconfig.py:18)
[25-11-18 21:16:11] [INFO    ] 💾 Using Chroma persistent client at: C:\Users\shank\PycharmProjects\OpenLogRCA\Embeddings (setUpDB.py:30)
[25-11-19 00:23:11] [INFO    ] Loaded logs from config file: C:\Users\shank\PycharmProjects\config.ini (RCAconfig.py:13)
[25-11-19 00:23:11] [INFO    ] Successfully read config file from path: ['C:\\Users\\shank\\PycharmProjects\\config.ini'] (RCAconfig.py:18)
[25-11-19 00:23:16] [INFO    ] 💾 Using Chroma persistent client at: C:\Users\shank\PycharmProjects\OpenLogRCA\Embeddings (setUpDB.py:30)
[25-11-19 00:23:45] [INFO    ] Loaded logs from config file: C:\Users\shank\PycharmProjects\config.ini (RCAconfig.py:13)
[25-11-19 00:23:45] [INFO    ] Successfully read config file from path: ['C:\\Users\\shank\\PycharmProjects\\config.ini'] (RCAconfig.py:18)
[25-11-19 00:23:46] [INFO    ] 💾 Using Chroma persistent client at: C:\Users\shank\PycharmProjects\OpenLogRCA\Embeddings (setUpDB.py:30)
[25-11-19 00:26:22] [INFO    ] Loaded logs from config file: C:\Users\shank\PycharmProjects\config.ini (RCAconfig.py:13)
[25-11-19 00:26:22] [INFO    ] Successfully read config file from path: ['C:\\Users\\shank\\PycharmProjects\\config.ini'] (RCAconfig.py:18)
[25-11-19 00:26:23] [INFO    ] 💾 Using Chroma persistent client at: C:\Users\shank\PycharmProjects\OpenLogRCA\Embeddings (setUpDB.py:30)
[25-11-19 00:26:32] [INFO    ] Loaded logs from config file: C:\Users\shank\PycharmProjects\config.ini (RCAconfig.py:13)
[25-11-19 00:26:32] [INFO    ] Successfully read config file from path: ['C:\\Users\\shank\\PycharmProjects\\config.ini'] (RCAconfig.py:18)
[25-11-19 00:26:33] [INFO    ] 💾 Using Chroma persistent client at: C:\Users\shank\PycharmProjects\OpenLogRCA\Embeddings (setUpDB.py:30)
[25-11-19 00:27:16] [INFO    ] Loaded logs from config file: C:\Users\shank\PycharmProjects\config.ini (RCAconfig.py:13)
[25-11-19 00:27:16] [INFO    ] Successfully read config file from path: ['C:\\Users\\shank\\PycharmProjects\\config.ini'] (RCAconfig.py:18)
[25-11-19 00:27:18] [INFO    ] 💾 Using Chroma persistent client at: C:\Users\shank\PycharmProjects\OpenLogRCA\Embeddings (setUpDB.py:30)
[25-11-19 00:28:16] [INFO    ] Loaded logs from config file: C:\Users\shank\PycharmProjects\config.ini (RCAconfig.py:13)
[25-11-19 00:28:16] [INFO    ] Successfully read config file from path: ['C:\\Users\\shank\\PycharmProjects\\config.ini'] (RCAconfig.py:18)
[25-11-19 00:28:17] [INFO    ] 💾 Using Chroma persistent client at: C:\Users\shank\PycharmProjects\OpenLogRCA\Embeddings (setUpDB.py:30)
[25-11-19 00:29:36] [INFO    ] Loaded logs from config file: C:\Users\shank\PycharmProjects\config.ini (RCAconfig.py:13)
[25-11-19 00:29:36] [INFO    ] Successfully read config file from path: ['C:\\Users\\shank\\PycharmProjects\\config.ini'] (RCAconfig.py:18)
[25-11-19 00:29:37] [INFO    ] 💾 Using Chroma persistent client at: C:\Users\shank\PycharmProjects\OpenLogRCA\Embeddings (setUpDB.py:30)
[25-11-19 00:30:11] [INFO    ] Loaded logs from config file: C:\Users\shank\PycharmProjects\config.ini (RCAconfig.py:13)
[25-11-19 00:30:11] [INFO    ] Successfully read config file from path: ['C:\\Users\\shank\\PycharmProjects\\config.ini'] (RCAconfig.py:18)
[25-11-19 00:30:12] [INFO    ] 💾 Using Chroma persistent client at: C:\Users\shank\PycharmProjects\OpenLogRCA\Embeddings (setUpDB.py:30)
[25-11-19 00:31:09] [INFO    ] Loaded logs from config file: C:\Users\shank\PycharmProjects\config.ini (RCAconfig.py:13)
[25-11-19 00:31:09] [INFO    ] Successfully read config file from path: ['C:\\Users\\shank\\PycharmProjects\\config.ini'] (RCAconfig.py:18)
[25-11-19 00:31:10] [INFO    ] 💾 Using Chroma persistent client at: C:\Users\shank\PycharmProjects\OpenLogRCA\Embeddings (setUpDB.py:30)
[25-11-19 00:33:29] [INFO    ] Loaded logs from config file: C:\Users\shank\PycharmProjects\config.ini (RCAconfig.py:13)
[25-11-19 00:33:29] [INFO    ] Successfully read config file from path: ['C:\\Users\\shank\\PycharmProjects\\config.ini'] (RCAconfig.py:18)
[25-11-19 00:33:32] [INFO    ] 💾 Using Chroma persistent client at: C:\Users\shank\PycharmProjects\OpenLogRCA\Embeddings (setUpDB.py:30)
[25-11-19 00:34:05] [INFO    ] Loaded logs from config file: C:\Users\shank\PycharmProjects\config.ini (RCAconfig.py:13)
[25-11-19 00:34:05] [INFO    ] Successfully read config file from path: ['C:\\Users\\shank\\PycharmProjects\\config.ini'] (RCAconfig.py:18)
[25-11-19 00:34:07] [INFO    ] 💾 Using Chroma persistent client at: C:\Users\shank\PycharmProjects\OpenLogRCA\Embeddings (setUpDB.py:30)
[25-11-19 00:35:03] [INFO    ] Loaded logs from config file: C:\Users\shank\PycharmProjects\config.ini (RCAconfig.py:13)
[25-11-19 00:35:03] [INFO    ] Successfully read config file from path: ['C:\\Users\\shank\\PycharmProjects\\config.ini'] (RCAconfig.py:18)
[25-11-19 00:35:04] [INFO    ] 💾 Using Chroma persistent client at: C:\Users\shank\PycharmProjects\OpenLogRCA\Embeddings (setUpDB.py:30)
[25-11-19 00:36:02] [INFO    ] Loaded logs from config file: C:\Users\shank\PycharmProjects\config.ini (RCAconfig.py:13)
[25-11-19 00:36:02] [INFO    ] Successfully read config file from path: ['C:\\Users\\shank\\PycharmProjects\\config.ini'] (RCAconfig.py:18)
[25-11-19 00:36:03] [INFO    ] 💾 Using Chroma persistent client at: C:\Users\shank\PycharmProjects\OpenLogRCA\Embeddings (setUpDB.py:30)
[25-11-19 00:37:07] [INFO    ] Loaded logs from config file: C:\Users\shank\PycharmProjects\config.ini (RCAconfig.py:13)
[25-11-19 00:37:07] [INFO    ] Successfully read config file from path: ['C:\\Users\\shank\\PycharmProjects\\config.ini'] (RCAconfig.py:18)
[25-11-19 00:37:11] [INFO    ] 💾 Using Chroma persistent client at: C:\Users\shank\PycharmProjects\OpenLogRCA\Embeddings (setUpDB.py:30)
[25-11-19 00:38:30] [INFO    ] Loaded logs from config file: C:\Users\shank\PycharmProjects\config.ini (RCAconfig.py:13)
[25-11-19 00:38:30] [INFO    ] Successfully read config file from path: ['C:\\Users\\shank\\PycharmProjects\\config.ini'] (RCAconfig.py:18)
[25-11-19 00:38:30] [INFO    ] 💾 Using Chroma persistent client at: C:\Users\shank\PycharmProjects\OpenLogRCA\Embeddings (setUpDB.py:30)
[25-11-19 00:50:14] [INFO    ] Loaded logs from config file: C:\Users\shank\PycharmProjects\config.ini (RCAconfig.py:13)
[25-11-19 00:50:14] [INFO    ] Successfully read config file from path: ['C:\\Users\\shank\\PycharmProjects\\config.ini'] (RCAconfig.py:18)
[25-11-19 00:50:14] [INFO    ] 💾 Using Chroma persistent client at: C:\Users\shank\PycharmProjects\OpenLogRCA\Embeddings (setUpDB.py:30)
[25-11-19 00:58:05] [INFO    ] Loaded logs from config file: C:\Users\shank\PycharmProjects\config.ini (RCAconfig.py:13)
[25-11-19 00:58:05] [INFO    ] Successfully read config file from path: ['C:\\Users\\shank\\PycharmProjects\\config.ini'] (RCAconfig.py:18)
[25-11-19 00:58:10] [INFO    ] 💾 Using Chroma persistent client at: C:\Users\shank\PycharmProjects\OpenLogRCA\Embeddings (setUpDB.py:30)
[25-11-19 01:01:52] [INFO    ] Loaded logs from config file: C:\Users\shank\PycharmProjects\config.ini (RCAconfig.py:13)
[25-11-19 01:01:52] [INFO    ] Successfully read config file from path: ['C:\\Users\\shank\\PycharmProjects\\config.ini'] (RCAconfig.py:18)
[25-11-19 01:01:53] [INFO    ] 💾 Using Chroma persistent client at: C:\Users\shank\PycharmProjects\OpenLogRCA\Embeddings (setUpDB.py:30)
[25-11-19 01:08:11] [INFO    ] Loaded logs from config file: C:\Users\shank\PycharmProjects\config.ini (RCAconfig.py:13)
[25-11-19 01:08:11] [INFO    ] Successfully read config file from path: ['C:\\Users\\shank\\PycharmProjects\\config.ini'] (RCAconfig.py:18)
[25-11-19 01:08:12] [INFO    ] 💾 Using Chroma persistent client at: C:\Users\shank\PycharmProjects\OpenLogRCA\Embeddings (setUpDB.py:30)
[25-11-22 13:11:02] [INFO    ] Loaded logs from config file: C:\Users\shank\PycharmProjects\config.ini (RCAconfig.py:13)
[25-11-22 13:11:02] [INFO    ] Successfully read config file from path: ['C:\\Users\\shank\\PycharmProjects\\config.ini'] (RCAconfig.py:18)
[25-11-22 13:11:05] [INFO    ] 💾 Using Chroma persistent client at: C:\Users\shank\PycharmProjects\OpenLogRCA\Embeddings (setUpDB.py:30)
[25-11-22 13:11:28] [INFO    ] Loaded logs from config file: C:\Users\shank\PycharmProjects\config.ini (RCAconfig.py:13)
[25-11-22 13:11:28] [INFO    ] Successfully read config file from path: ['C:\\Users\\shank\\PycharmProjects\\config.ini'] (RCAconfig.py:18)
[25-11-22 13:11:32] [INFO    ] 💾 Using Chroma persistent client at: C:\Users\shank\PycharmProjects\OpenLogRCA\Embeddings (setUpDB.py:30)
[25-11-22 13:12:20] [INFO    ] Loaded logs from config file: C:\Users\shank\PycharmProjects\config.ini (RCAconfig.py:13)
[25-11-22 13:12:20] [INFO    ] Successfully read config file from path: ['C:\\Users\\shank\\PycharmProjects\\config.ini'] (RCAconfig.py:18)
[25-11-22 13:12:21] [INFO    ] 💾 Using Chroma persistent client at: C:\Users\shank\PycharmProjects\OpenLogRCA\Embeddings (setUpDB.py:30)
[25-11-22 13:28:57] [INFO    ] Loaded logs from config file: C:\Users\shank\PycharmProjects\config.ini (RCAconfig.py:13)
[25-11-22 13:28:57] [INFO    ] Successfully read config file from path: ['C:\\Users\\shank\\PycharmProjects\\config.ini'] (RCAconfig.py:18)
[25-11-22 13:28:58] [INFO    ] 💾 Using Chroma persistent client at: C:\Users\shank\PycharmProjects\OpenLogRCA\Embeddings (setUpDB.py:30)
[25-11-22 13:29:43] [INFO    ] Loaded logs from config file: C:\Users\shank\PycharmProjects\config.ini (RCAconfig.py:13)
[25-11-22 13:29:43] [INFO    ] Successfully read config file from path: ['C:\\Users\\shank\\PycharmProjects\\config.ini'] (RCAconfig.py:18)
[25-11-22 13:29:45] [INFO    ] 💾 Using Chroma persistent client at: C:\Users\shank\PycharmProjects\OpenLogRCA\Embeddings (setUpDB.py:30)
[25-11-22 13:31:25] [INFO    ] Loaded logs from config file: C:\Users\shank\PycharmProjects\config.ini (RCAconfig.py:13)
[25-11-22 13:31:25] [INFO    ] Successfully read config file from path: ['C:\\Users\\shank\\PycharmProjects\\config.ini'] (RCAconfig.py:18)
[25-11-22 13:31:27] [INFO    ] 💾 Using Chroma persistent client at: C:\Users\shank\PycharmProjects\OpenLogRCA\Embeddings (setUpDB.py:30)
[25-11-22 13:33:31] [INFO    ] Loaded logs from config file: C:\Users\shank\PycharmProjects\config.ini (RCAconfig.py:13)
[25-11-22 13:33:31] [INFO    ] Successfully read config file from path: ['C:\\Users\\shank\\PycharmProjects\\config.ini'] (RCAconfig.py:18)
[25-11-22 13:34:37] [INFO    ] 💾 Using Chroma persistent client at: C:\Users\shank\PycharmProjects\OpenLogRCA\Embeddings (setUpDB.py:30)
[25-11-22 13:35:40] [INFO    ] Loaded logs from config file: C:\Users\shank\PycharmProjects\config.ini (RCAconfig.py:13)
[25-11-22 13:35:40] [INFO    ] Successfully read config file from path: ['C:\\Users\\shank\\PycharmProjects\\config.ini'] (RCAconfig.py:18)
[25-11-22 13:35:41] [INFO    ] 💾 Using Chroma persistent client at: C:\Users\shank\PycharmProjects\OpenLogRCA\Embeddings (setUpDB.py:30)
[25-11-22 13:42:17] [INFO    ] Loaded logs from config file: C:\Users\shank\PycharmProjects\config.ini (RCAconfig.py:13)
[25-11-22 13:42:17] [INFO    ] Successfully read config file from path: ['C:\\Users\\shank\\PycharmProjects\\config.ini'] (RCAconfig.py:18)
[25-11-22 13:42:17] [INFO    ] 💾 Using Chroma persistent client at: C:\Users\shank\PycharmProjects\OpenLogRCA\Embeddings (setUpDB.py:30)
[25-11-22 13:45:13] [INFO    ] Loaded logs from config file: C:\Users\shank\PycharmProjects\config.ini (RCAconfig.py:13)
[25-11-22 13:45:13] [INFO    ] Successfully read config file from path: ['C:\\Users\\shank\\PycharmProjects\\config.ini'] (RCAconfig.py:18)
[25-11-22 13:45:15] [INFO    ] 💾 Using Chroma persistent client at: C:\Users\shank\PycharmProjects\OpenLogRCA\Embeddings (setUpDB.py:30)
[25-11-22 13:48:06] [INFO    ] Loaded logs from config file: C:\Users\shank\PycharmProjects\config.ini (RCAconfig.py:13)
[25-11-22 13:48:06] [INFO    ] Successfully read config file from path: ['C:\\Users\\shank\\PycharmProjects\\config.ini'] (RCAconfig.py:18)
[25-11-22 13:48:07] [INFO    ] 💾 Using Chroma persistent client at: C:\Users\shank\PycharmProjects\OpenLogRCA\Embeddings (setUpDB.py:30)
[25-11-22 13:48:50] [INFO    ] Loaded logs from config file: C:\Users\shank\PycharmProjects\config.ini (RCAconfig.py:13)
[25-11-22 13:48:50] [INFO    ] Successfully read config file from path: ['C:\\Users\\shank\\PycharmProjects\\config.ini'] (RCAconfig.py:18)
[25-11-22 13:48:52] [INFO    ] 💾 Using Chroma persistent client at: C:\Users\shank\PycharmProjects\OpenLogRCA\Embeddings (setUpDB.py:30)
[25-11-22 13:53:58] [INFO    ] Loaded logs from config file: C:\Users\shank\PycharmProjects\config.ini (RCAconfig.py:13)
[25-11-22 13:53:58] [INFO    ] Successfully read config file from path: ['C:\\Users\\shank\\PycharmProjects\\config.ini'] (RCAconfig.py:18)
[25-11-22 13:53:59] [INFO    ] 💾 Using Chroma persistent client at: C:\Users\shank\PycharmProjects\OpenLogRCA\Embeddings (setUpDB.py:30)
[25-11-22 13:54:52] [INFO    ] Loaded logs from config file: C:\Users\shank\PycharmProjects\config.ini (RCAconfig.py:13)
[25-11-22 13:54:52] [INFO    ] Successfully read config file from path: ['C:\\Users\\shank\\PycharmProjects\\config.ini'] (RCAconfig.py:18)
[25-11-22 13:55:01] [INFO    ] 💾 Using Chroma persistent client at: C:\Users\shank\PycharmProjects\OpenLogRCA\Embeddings (setUpDB.py:30)
[25-11-22 13:59:42] [INFO    ] Loaded logs from config file: C:\Users\shank\PycharmProjects\config.ini (RCAconfig.py:13)
[25-11-22 13:59:42] [INFO    ] Successfully read config file from path: ['C:\\Users\\shank\\PycharmProjects\\config.ini'] (RCAconfig.py:18)
[25-11-22 13:59:44] [INFO    ] 💾 Using Chroma persistent client at: C:\Users\shank\PycharmProjects\OpenLogRCA\Embeddings (setUpDB.py:30)
[25-11-22 14:04:54] [INFO    ] Loaded logs from config file: C:\Users\shank\PycharmProjects\OpenLogRCA\config.ini (RCAconfig.py:13)
[25-11-22 14:04:54] [INFO    ] Successfully read config file from path: ['C:\\Users\\shank\\PycharmProjects\\OpenLogRCA\\config.ini'] (RCAconfig.py:18)
[25-11-22 14:10:23] [INFO    ] Loaded logs from config file: C:\Users\shank\PycharmProjects\OpenLogRCA\config.ini (RCAconfig.py:13)
[25-11-22 14:10:23] [INFO    ] Successfully read config file from path: ['C:\\Users\\shank\\PycharmProjects\\OpenLogRCA\\config.ini'] (RCAconfig.py:18)
[25-11-22 14:14:22] [INFO    ] Loaded logs from config file: C:\Users\shank\PycharmProjects\config.ini (RCAconfig.py:13)
[25-11-22 14:14:22] [INFO    ] Successfully read config file from path: ['C:\\Users\\shank\\PycharmProjects\\config.ini'] (RCAconfig.py:18)
[25-11-22 14:14:23] [INFO    ] 💾 Using Chroma persistent client at: C:\Users\shank\PycharmProjects\OpenLogRCA\Embeddings (setUpDB.py:30)
[25-11-22 14:33:03] [INFO    ] Loaded logs from config file: C:\Users\shank\PycharmProjects\config.ini (RCAconfig.py:13)
[25-11-22 14:33:03] [INFO    ] Successfully read config file from path: ['C:\\Users\\shank\\PycharmProjects\\config.ini'] (RCAconfig.py:18)
[25-11-22 14:33:11] [INFO    ] Loaded logs from config file: C:\Users\shank\PycharmProjects\config.ini (RCAconfig.py:13)
[25-11-22 14:33:11] [INFO    ] Successfully read config file from path: ['C:\\Users\\shank\\PycharmProjects\\config.ini'] (RCAconfig.py:18)
[25-11-22 14:33:11] [INFO    ] 💾 Using Chroma persistent client at: C:\Users\shank\PycharmProjects\OpenLogRCA\Embeddings (setUpDB.py:30)
[25-11-22 14:48:47] [INFO    ] Loaded logs from config file: C:\Users\shank\PycharmProjects\config.ini (RCAconfig.py:13)
[25-11-22 14:48:47] [INFO    ] Successfully read config file from path: ['C:\\Users\\shank\\PycharmProjects\\config.ini'] (RCAconfig.py:18)
[25-11-22 14:48:54] [INFO    ] Loaded logs from config file: C:\Users\shank\PycharmProjects\config.ini (RCAconfig.py:13)
[25-11-22 14:48:54] [INFO    ] Successfully read config file from path: ['C:\\Users\\shank\\PycharmProjects\\config.ini'] (RCAconfig.py:18)
[25-11-22 14:48:58] [INFO    ] 💾 Using Chroma persistent client at: C:\Users\shank\PycharmProjects\OpenLogRCA\Embeddings (setUpDB.py:30)
[25-11-22 15:01:36] [INFO    ] Loaded logs from config file: C:\Users\shank\PycharmProjects\config.ini (RCAconfig.py:13)
[25-11-22 15:01:36] [INFO    ] Successfully read config file from path: ['C:\\Users\\shank\\PycharmProjects\\config.ini'] (RCAconfig.py:18)
[25-11-22 15:04:00] [INFO    ] Loaded logs from config file: C:\Users\shank\PycharmProjects\config.ini (RCAconfig.py:13)
[25-11-22 15:04:00] [INFO    ] Successfully read config file from path: ['C:\\Users\\shank\\PycharmProjects\\config.ini'] (RCAconfig.py:18)
[25-11-22 15:04:13] [INFO    ] Loaded logs from config file: C:\Users\shank\PycharmProjects\config.ini (RCAconfig.py:13)
[25-11-22 15:04:13] [INFO    ] Successfully read config file from path: ['C:\\Users\\shank\\PycharmProjects\\config.ini'] (RCAconfig.py:18)
[25-11-22 15:04:46] [INFO    ] Loaded logs from config file: C:\Users\shank\PycharmProjects\config.ini (RCAconfig.py:13)
[25-11-22 15:04:46] [INFO    ] Successfully read config file from path: ['C:\\Users\\shank\\PycharmProjects\\config.ini'] (RCAconfig.py:18)
[25-11-22 15:04:47] [INFO    ] 💾 Using Chroma persistent client at: C:\Users\shank\PycharmProjects\OpenLogRCA\Embeddings (setUpDB.py:30)
[25-11-22 15:05:46] [INFO    ] Loaded logs from config file: C:\Users\shank\PycharmProjects\config.ini (RCAconfig.py:13)
[25-11-22 15:05:46] [INFO    ] Successfully read config file from path: ['C:\\Users\\shank\\PycharmProjects\\config.ini'] (RCAconfig.py:18)
[25-11-22 15:05:47] [INFO    ] 💾 Using Chroma persistent client at: C:\Users\shank\PycharmProjects\OpenLogRCA\Embeddings (setUpDB.py:30)
[25-11-22 15:09:47] [INFO    ] Loaded logs from config file: C:\Users\shank\PycharmProjects\config.ini (RCAconfig.py:13)
[25-11-22 15:09:47] [INFO    ] Successfully read config file from path: ['C:\\Users\\shank\\PycharmProjects\\config.ini'] (RCAconfig.py:18)
[25-11-22 15:09:48] [INFO    ] 💾 Using Chroma persistent client at: C:\Users\shank\PycharmProjects\OpenLogRCA\Embeddings (setUpDB.py:30)
[25-11-22 15:11:20] [INFO    ] Loaded logs from config file: C:\Users\shank\PycharmProjects\config.ini (RCAconfig.py:13)
[25-11-22 15:11:20] [INFO    ] Successfully read config file from path: ['C:\\Users\\shank\\PycharmProjects\\config.ini'] (RCAconfig.py:18)
[25-11-22 15:11:21] [INFO    ] 💾 Using Chroma persistent client at: C:\Users\shank\PycharmProjects\OpenLogRCA\Embeddings (setUpDB.py:30)
[25-11-22 15:12:34] [INFO    ] Loaded logs from config file: C:\Users\shank\PycharmProjects\config.ini (RCAconfig.py:13)
[25-11-22 15:12:34] [INFO    ] Successfully read config file from path: ['C:\\Users\\shank\\PycharmProjects\\config.ini'] (RCAconfig.py:18)
[25-11-22 15:12:34] [INFO    ] 💾 Using Chroma persistent client at: C:\Users\shank\PycharmProjects\OpenLogRCA\Embeddings (setUpDB.py:30)
[25-11-22 15:12:44] [INFO    ] Loaded logs from config file: C:\Users\shank\PycharmProjects\config.ini (RCAconfig.py:13)
[25-11-22 15:12:44] [INFO    ] Successfully read config file from path: ['C:\\Users\\shank\\PycharmProjects\\config.ini'] (RCAconfig.py:18)
[25-11-22 15:12:45] [INFO    ] 💾 Using Chroma persistent client at: C:\Users\shank\PycharmProjects\OpenLogRCA\Embeddings (setUpDB.py:30)
[25-11-22 15:19:37] [INFO    ] Loaded logs from config file: C:\Users\shank\PycharmProjects\config.ini (RCAconfig.py:13)
[25-11-22 15:19:37] [INFO    ] Successfully read config file from path: ['C:\\Users\\shank\\PycharmProjects\\config.ini'] (RCAconfig.py:18)
[25-11-22 15:19:38] [INFO    ] 💾 Using Chroma persistent client at: C:\Users\shank\PycharmProjects\OpenLogRCA\Embeddings (setUpDB.py:30)
[26-01-26 17:20:35] [INFO    ] Queue will be initialized (ingestQueue.py:6)
[26-01-26 17:20:35] [INFO    ] Queue initialized successfully (ingestQueue.py:8)
[26-01-26 17:20:41] [INFO    ] Queue will be initialized (ingestQueue.py:6)
[26-01-26 17:20:41] [INFO    ] Queue initialized successfully (ingestQueue.py:8)
[26-01-26 17:30:20] [INFO    ] Queue will be initialized (ingestQueue.py:6)
[26-01-26 17:30:20] [INFO    ] Queue initialized successfully (ingestQueue.py:8)
[26-01-31 21:05:11] [INFO    ] Queue will be initialized (ingestQueue.py:6)
[26-01-31 21:05:11] [INFO    ] Queue initialized successfully (ingestQueue.py:8)
[26-01-31 21:23:11] [INFO    ] Queue will be initialized (ingestQueue.py:6)
[26-01-31 21:23:11] [INFO    ] Queue initialized successfully (ingestQueue.py:8)
[26-01-31 21:27:37] [INFO    ] Queue will be initialized (ingestQueue.py:6)
[26-01-31 21:27:37] [INFO    ] Queue initialized successfully (ingestQueue.py:8)
[26-01-31 21:27:38] [INFO    ] Loaded logs from config file: C:\Users\shank\PycharmProjects\OpenLogRCA\config.ini (RCAconfig.py:13)
[26-01-31 21:27:38] [INFO    ] Successfully read config file from path: ['C:\\Users\\shank\\PycharmProjects\\OpenLogRCA\\config.ini'] (RCAconfig.py:18)
[26-01-31 21:27:48] [INFO    ] 💾 Using Chroma persistent client at: C:\Users\shank\PycharmProjects\OpenLogRCA\cli\Embeddings (setUpDB.py:30)
[26-01-31 21:39:37] [INFO    ] Queue will be initialized (ingestQueue.py:6)
[26-01-31 21:39:37] [INFO    ] Queue initialized successfully (ingestQueue.py:8)
[26-01-31 21:39:38] [INFO    ] Loaded logs from config file: C:\Users\shank\PycharmProjects\config.ini (RCAconfig.py:13)
[26-01-31 21:39:38] [INFO    ] Successfully read config file from path: ['C:\\Users\\shank\\PycharmProjects\\config.ini'] (RCAconfig.py:18)
[26-01-31 21:39:41] [INFO    ] 💾 Using Chroma persistent client at: C:\Users\shank\PycharmProjects\OpenLogRCA\Embeddings (setUpDB.py:30)
[26-01-31 21:42:15] [INFO    ] Queue will be initialized (ingestQueue.py:6)
[26-01-31 21:42:15] [INFO    ] Queue initialized successfully (ingestQueue.py:8)
[26-01-31 21:42:16] [INFO    ] Loaded logs from config file: C:\Users\shank\PycharmProjects\config.ini (RCAconfig.py:13)
[26-01-31 21:42:16] [INFO    ] Successfully read config file from path: ['C:\\Users\\shank\\PycharmProjects\\config.ini'] (RCAconfig.py:18)
[26-01-31 21:42:17] [INFO    ] 💾 Using Chroma persistent client at: C:\Users\shank\PycharmProjects\OpenLogRCA\Embeddings (setUpDB.py:30)
[26-01-31 21:46:11] [INFO    ] Queue will be initialized (ingestQueue.py:6)
[26-01-31 21:46:11] [INFO    ] Queue initialized successfully (ingestQueue.py:8)
[26-01-31 21:46:13] [INFO    ] Loaded logs from config file: C:\Users\shank\PycharmProjects\config.ini (RCAconfig.py:13)
[26-01-31 21:46:13] [INFO    ] Successfully read config file from path: ['C:\\Users\\shank\\PycharmProjects\\config.ini'] (RCAconfig.py:18)
[26-01-31 21:46:14] [INFO    ] 💾 Using Chroma persistent client at: C:\Users\shank\PycharmProjects\OpenLogRCA\Embeddings (setUpDB.py:30)
[26-01-31 21:56:08] [INFO    ] Queue will be initialized (ingestQueue.py:6)
[26-01-31 21:56:08] [INFO    ] Queue initialized successfully (ingestQueue.py:8)
[26-01-31 21:56:10] [INFO    ] Loaded logs from config file: C:\Users\shank\PycharmProjects\config.ini (RCAconfig.py:13)
[26-01-31 21:56:10] [INFO    ] Successfully read config file from path: ['C:\\Users\\shank\\PycharmProjects\\config.ini'] (RCAconfig.py:18)
[26-01-31 21:56:11] [INFO    ] 💾 Using Chroma persistent client at: C:\Users\shank\PycharmProjects\OpenLogRCA\Embeddings (setUpDB.py:30)
[26-01-31 21:56:25] [INFO    ] Queue will be initialized (ingestQueue.py:6)
[26-01-31 21:56:25] [INFO    ] Queue initialized successfully (ingestQueue.py:8)
[26-01-31 21:56:26] [INFO    ] Loaded logs from config file: C:\Users\shank\PycharmProjects\config.ini (RCAconfig.py:13)
[26-01-31 21:56:26] [INFO    ] Successfully read config file from path: ['C:\\Users\\shank\\PycharmProjects\\config.ini'] (RCAconfig.py:18)
[26-01-31 21:56:27] [INFO    ] 💾 Using Chroma persistent client at: C:\Users\shank\PycharmProjects\OpenLogRCA\Embeddings (setUpDB.py:30)
[26-01-31 21:56:33] [ERROR   ] HTTPConnectionPool(host='localhost', port=11434): Max retries exceeded with url: /api/tags (Caused by NewConnectionError('<urllib3.connection.HTTPConnection object at 0x00000177B91A1550>: Failed to establish a new connection: [WinError 10061] No connection could be made because the target machine actively refused it')) (embedding.py:25)
[26-01-31 21:57:01] [INFO    ] Queue will be initialized (ingestQueue.py:6)
[26-01-31 21:57:01] [INFO    ] Queue initialized successfully (ingestQueue.py:8)
[26-01-31 21:57:03] [INFO    ] Loaded logs from config file: C:\Users\shank\PycharmProjects\config.ini (RCAconfig.py:13)
[26-01-31 21:57:03] [INFO    ] Successfully read config file from path: ['C:\\Users\\shank\\PycharmProjects\\config.ini'] (RCAconfig.py:18)
[26-01-31 21:57:03] [INFO    ] 💾 Using Chroma persistent client at: C:\Users\shank\PycharmProjects\OpenLogRCA\Embeddings (setUpDB.py:30)
[26-01-31 21:59:23] [INFO    ] Queue will be initialized (ingestQueue.py:6)
[26-01-31 21:59:23] [INFO    ] Queue initialized successfully (ingestQueue.py:8)
[26-01-31 21:59:24] [INFO    ] Loaded logs from config file: C:\Users\shank\PycharmProjects\config.ini (RCAconfig.py:13)
[26-01-31 21:59:24] [INFO    ] Successfully read config file from path: ['C:\\Users\\shank\\PycharmProjects\\config.ini'] (RCAconfig.py:18)
[26-01-31 21:59:24] [INFO    ] 💾 Using Chroma persistent client at: C:\Users\shank\PycharmProjects\OpenLogRCA\Embeddings (setUpDB.py:30)
[26-01-31 22:06:02] [INFO    ] Queue will be initialized (ingestQueue.py:6)
[26-01-31 22:06:02] [INFO    ] Queue initialized successfully (ingestQueue.py:8)
[26-01-31 22:06:47] [INFO    ] Queue will be initialized (ingestQueue.py:6)
[26-01-31 22:06:47] [INFO    ] Queue initialized successfully (ingestQueue.py:8)
[26-01-31 22:07:30] [INFO    ] Queue will be initialized (ingestQueue.py:6)
[26-01-31 22:07:30] [INFO    ] Queue initialized successfully (ingestQueue.py:8)
[26-01-31 22:07:30] [INFO    ] Loaded logs from config file: C:\Users\config.ini (RCAconfig.py:13)
[26-01-31 22:07:30] [INFO    ] Successfully read config file from path: [] (RCAconfig.py:18)
[26-01-31 22:07:31] [INFO    ] 💾 Using Chroma persistent client at: C:\Users\shank\Embeddings (setUpDB.py:30)
[26-01-31 22:07:34] [ERROR   ] Invalid URL '/api/tags': No scheme supplied. Perhaps you meant https:///api/tags? (embedding.py:25)
[26-02-01 19:32:33] [INFO    ] Queue will be initialized (ingestQueue.py:6)
[26-02-01 19:32:33] [INFO    ] Queue initialized successfully (ingestQueue.py:8)
[26-02-01 19:32:33] [INFO    ] Loaded logs from config file: C:\Users\shank\PycharmProjects\config.ini (RCAconfig.py:13)
[26-02-01 19:32:33] [INFO    ] Successfully read config file from path: ['C:\\Users\\shank\\PycharmProjects\\config.ini'] (RCAconfig.py:18)
[26-02-01 19:32:41] [INFO    ] 💾 Using Chroma persistent client at: C:\Users\shank\PycharmProjects\OpenLogRCA\Embeddings (setUpDB.py:30)
[26-02-01 20:36:06] [INFO    ] Queue will be initialized (ingestQueue.py:6)
[26-02-01 20:36:06] [INFO    ] Queue initialized successfully (ingestQueue.py:8)
[26-02-01 20:36:06] [INFO    ] Loaded logs from config file: C:\Users\shank\PycharmProjects\config.ini (RCAconfig.py:13)
[26-02-01 20:36:06] [INFO    ] Successfully read config file from path: ['C:\\Users\\shank\\PycharmProjects\\config.ini'] (RCAconfig.py:18)
[26-02-01 20:36:08] [INFO    ] 💾 Using Chroma persistent client at: C:\Users\shank\PycharmProjects\OpenLogRCA\Embeddings (setUpDB.py:30)
[26-02-01 20:42:48] [INFO    ] Queue will be initialized (ingestQueue.py:6)
[26-02-01 20:42:48] [INFO    ] Queue initialized successfully (ingestQueue.py:8)
[26-02-01 20:42:49] [INFO    ] Loaded logs from config file: C:\Users\shank\PycharmProjects\config.ini (RCAconfig.py:13)
[26-02-01 20:42:49] [INFO    ] Successfully read config file from path: ['C:\\Users\\shank\\PycharmProjects\\config.ini'] (RCAconfig.py:18)
[26-02-01 20:42:50] [INFO    ] 💾 Using Chroma persistent client at: C:\Users\shank\PycharmProjects\OpenLogRCA\Embeddings (setUpDB.py:30)
[26-02-01 20:57:27] [INFO    ] Queue will be initialized (ingestQueue.py:6)
[26-02-01 20:57:27] [INFO    ] Queue initialized successfully (ingestQueue.py:8)
[26-02-01 20:57:27] [INFO    ] Loaded logs from config file: C:\Users\shank\PycharmProjects\config.ini (RCAconfig.py:13)
[26-02-01 20:57:27] [INFO    ] Successfully read config file from path: ['C:\\Users\\shank\\PycharmProjects\\config.ini'] (RCAconfig.py:18)
[26-02-01 20:57:29] [INFO    ] 💾 Using Chroma persistent client at: C:\Users\shank\PycharmProjects\OpenLogRCA\Embeddings (setUpDB.py:30)
